Copyright 1986-2022 Xilinx, Inc. All Rights Reserved. Copyright 2022-2024 Advanced Micro Devices, Inc. All Rights Reserved.
-----------------------------------------------------------------------------------------------------------------------------------------------
| Tool Version : Vivado v.2023.2.2 (win64) Build 4126759 Thu Feb  8 23:53:51 MST 2024
| Date         : Tue Apr 23 16:23:32 2024
| Host         : DESKTOP-V44UH9Q running 64-bit major release  (build 9200)
| Command      : report_methodology -file top_methodology_drc_routed.rpt -pb top_methodology_drc_routed.pb -rpx top_methodology_drc_routed.rpx
| Design       : top
| Device       : xc7a35tcpg236-1
| Speed File   : -1
| Design State : Fully Routed
-----------------------------------------------------------------------------------------------------------------------------------------------

Report Methodology

Table of Contents
-----------------
1. REPORT SUMMARY
2. REPORT DETAILS

1. REPORT SUMMARY
-----------------
            Netlist: netlist
          Floorplan: design_1
      Design limits: <entire design considered>
             Max violations: <unlimited>
             Violations found: 124
+-----------+----------+-----------------------+------------+
| Rule      | Severity | Description           | Violations |
+-----------+----------+-----------------------+------------+
| TIMING-16 | Warning  | Large setup violation | 124        |
+-----------+----------+-----------------------+------------+

2. REPORT DETAILS
-----------------
TIMING-16#1 Warning
Large setup violation  
There is a large setup violation of -1.373 ns between dataConsume1/max_index_reg[3]_rep/C (clocked by clk_out_clk_wiz_0) and dataConsume1/data_results_reg_reg[5][7]/D (clocked by clk_out_clk_wiz_0). Large setup violations at the end of those stages might be difficult to fix during the post-placement implementation flow and could be the result of non-optimal XDC constraints or non-optimal design architecture
Related violations: <none>

TIMING-16#2 Warning
Large setup violation  
There is a large setup violation of -2.382 ns between dataConsume1/max_index_reg[1]_rep__6/C (clocked by clk_out_clk_wiz_0) and dataConsume1/data_results_reg_reg[4][7]/D (clocked by clk_out_clk_wiz_0). Large setup violations at the end of those stages might be difficult to fix during the post-placement implementation flow and could be the result of non-optimal XDC constraints or non-optimal design architecture
Related violations: <none>

TIMING-16#3 Warning
Large setup violation  
There is a large setup violation of -2.446 ns between dataConsume1/max_index_reg[1]_rep__21/C (clocked by clk_out_clk_wiz_0) and dataConsume1/data_results_reg_reg[3][6]/D (clocked by clk_out_clk_wiz_0). Large setup violations at the end of those stages might be difficult to fix during the post-placement implementation flow and could be the result of non-optimal XDC constraints or non-optimal design architecture
Related violations: <none>

TIMING-16#4 Warning
Large setup violation  
There is a large setup violation of -2.536 ns between dataConsume1/max_index_reg[3]_rep/C (clocked by clk_out_clk_wiz_0) and dataConsume1/data_results_reg_reg[1][7]/D (clocked by clk_out_clk_wiz_0). Large setup violations at the end of those stages might be difficult to fix during the post-placement implementation flow and could be the result of non-optimal XDC constraints or non-optimal design architecture
Related violations: <none>

TIMING-16#5 Warning
Large setup violation  
There is a large setup violation of -2.552 ns between dataConsume1/max_index_reg[6]/C (clocked by clk_out_clk_wiz_0) and dataConsume1/max_ind_bcd_reg[0][1]/D (clocked by clk_out_clk_wiz_0). Large setup violations at the end of those stages might be difficult to fix during the post-placement implementation flow and could be the result of non-optimal XDC constraints or non-optimal design architecture
Related violations: <none>

TIMING-16#6 Warning
Large setup violation  
There is a large setup violation of -2.563 ns between dataConsume1/max_index_reg[3]_rep/C (clocked by clk_out_clk_wiz_0) and dataConsume1/data_results_reg_reg[4][6]/D (clocked by clk_out_clk_wiz_0). Large setup violations at the end of those stages might be difficult to fix during the post-placement implementation flow and could be the result of non-optimal XDC constraints or non-optimal design architecture
Related violations: <none>

TIMING-16#7 Warning
Large setup violation  
There is a large setup violation of -2.623 ns between dataConsume1/max_index_reg[6]/C (clocked by clk_out_clk_wiz_0) and dataConsume1/max_ind_bcd_reg[0][2]/D (clocked by clk_out_clk_wiz_0). Large setup violations at the end of those stages might be difficult to fix during the post-placement implementation flow and could be the result of non-optimal XDC constraints or non-optimal design architecture
Related violations: <none>

TIMING-16#8 Warning
Large setup violation  
There is a large setup violation of -2.624 ns between dataConsume1/max_index_reg[6]/C (clocked by clk_out_clk_wiz_0) and dataConsume1/max_ind_bcd_reg[0][3]/D (clocked by clk_out_clk_wiz_0). Large setup violations at the end of those stages might be difficult to fix during the post-placement implementation flow and could be the result of non-optimal XDC constraints or non-optimal design architecture
Related violations: <none>

TIMING-16#9 Warning
Large setup violation  
There is a large setup violation of -2.662 ns between dataConsume1/max_index_reg[1]_rep__15/C (clocked by clk_out_clk_wiz_0) and dataConsume1/data_results_reg_reg[3][5]/D (clocked by clk_out_clk_wiz_0). Large setup violations at the end of those stages might be difficult to fix during the post-placement implementation flow and could be the result of non-optimal XDC constraints or non-optimal design architecture
Related violations: <none>

TIMING-16#10 Warning
Large setup violation  
There is a large setup violation of -2.875 ns between dataConsume1/max_index_reg[1]_rep__20/C (clocked by clk_out_clk_wiz_0) and dataConsume1/data_results_reg_reg[3][1]/D (clocked by clk_out_clk_wiz_0). Large setup violations at the end of those stages might be difficult to fix during the post-placement implementation flow and could be the result of non-optimal XDC constraints or non-optimal design architecture
Related violations: <none>

TIMING-16#11 Warning
Large setup violation  
There is a large setup violation of -2.912 ns between dataConsume1/max_index_reg[0]_rep__10/C (clocked by clk_out_clk_wiz_0) and dataConsume1/data_results_reg_reg[3][0]/D (clocked by clk_out_clk_wiz_0). Large setup violations at the end of those stages might be difficult to fix during the post-placement implementation flow and could be the result of non-optimal XDC constraints or non-optimal design architecture
Related violations: <none>

TIMING-16#12 Warning
Large setup violation  
There is a large setup violation of -23.850 ns between dataConsume1/temp_reg[0]/C (clocked by clk_out_clk_wiz_0) and dataConsume1/temp_reg[0]/D (clocked by clk_out_clk_wiz_0). Large setup violations at the end of those stages might be difficult to fix during the post-placement implementation flow and could be the result of non-optimal XDC constraints or non-optimal design architecture
Related violations: <none>

TIMING-16#13 Warning
Large setup violation  
There is a large setup violation of -24.298 ns between dataConsume1/temp_reg[0]/C (clocked by clk_out_clk_wiz_0) and dataConsume1/temp_reg[0]_replica_1/D (clocked by clk_out_clk_wiz_0). Large setup violations at the end of those stages might be difficult to fix during the post-placement implementation flow and could be the result of non-optimal XDC constraints or non-optimal design architecture
Related violations: <none>

TIMING-16#14 Warning
Large setup violation  
There is a large setup violation of -24.307 ns between dataConsume1/temp_reg[0]/C (clocked by clk_out_clk_wiz_0) and dataConsume1/temp_reg[0]_replica_2/D (clocked by clk_out_clk_wiz_0). Large setup violations at the end of those stages might be difficult to fix during the post-placement implementation flow and could be the result of non-optimal XDC constraints or non-optimal design architecture
Related violations: <none>

TIMING-16#15 Warning
Large setup violation  
There is a large setup violation of -24.492 ns between dataConsume1/temp_reg[0]/C (clocked by clk_out_clk_wiz_0) and dataConsume1/temp_reg[0]_replica/D (clocked by clk_out_clk_wiz_0). Large setup violations at the end of those stages might be difficult to fix during the post-placement implementation flow and could be the result of non-optimal XDC constraints or non-optimal design architecture
Related violations: <none>

TIMING-16#16 Warning
Large setup violation  
There is a large setup violation of -24.504 ns between dataConsume1/temp_reg[0]/C (clocked by clk_out_clk_wiz_0) and dataConsume1/temp_reg[0]_replica_3/D (clocked by clk_out_clk_wiz_0). Large setup violations at the end of those stages might be difficult to fix during the post-placement implementation flow and could be the result of non-optimal XDC constraints or non-optimal design architecture
Related violations: <none>

TIMING-16#17 Warning
Large setup violation  
There is a large setup violation of -25.286 ns between dataConsume1/temp_reg[0]/C (clocked by clk_out_clk_wiz_0) and dataConsume1/temp_reg[1]/D (clocked by clk_out_clk_wiz_0). Large setup violations at the end of those stages might be difficult to fix during the post-placement implementation flow and could be the result of non-optimal XDC constraints or non-optimal design architecture
Related violations: <none>

TIMING-16#18 Warning
Large setup violation  
There is a large setup violation of -25.685 ns between dataConsume1/temp_reg[0]/C (clocked by clk_out_clk_wiz_0) and dataConsume1/temp_reg[7]/D (clocked by clk_out_clk_wiz_0). Large setup violations at the end of those stages might be difficult to fix during the post-placement implementation flow and could be the result of non-optimal XDC constraints or non-optimal design architecture
Related violations: <none>

TIMING-16#19 Warning
Large setup violation  
There is a large setup violation of -25.698 ns between dataConsume1/temp_reg[0]/C (clocked by clk_out_clk_wiz_0) and dataConsume1/temp_reg[19]/D (clocked by clk_out_clk_wiz_0). Large setup violations at the end of those stages might be difficult to fix during the post-placement implementation flow and could be the result of non-optimal XDC constraints or non-optimal design architecture
Related violations: <none>

TIMING-16#20 Warning
Large setup violation  
There is a large setup violation of -25.709 ns between dataConsume1/temp_reg[0]/C (clocked by clk_out_clk_wiz_0) and dataConsume1/temp_reg[15]/D (clocked by clk_out_clk_wiz_0). Large setup violations at the end of those stages might be difficult to fix during the post-placement implementation flow and could be the result of non-optimal XDC constraints or non-optimal design architecture
Related violations: <none>

TIMING-16#21 Warning
Large setup violation  
There is a large setup violation of -25.770 ns between dataConsume1/temp_reg[0]/C (clocked by clk_out_clk_wiz_0) and dataConsume1/temp_reg[9]/D (clocked by clk_out_clk_wiz_0). Large setup violations at the end of those stages might be difficult to fix during the post-placement implementation flow and could be the result of non-optimal XDC constraints or non-optimal design architecture
Related violations: <none>

TIMING-16#22 Warning
Large setup violation  
There is a large setup violation of -25.773 ns between dataConsume1/temp_reg[0]/C (clocked by clk_out_clk_wiz_0) and dataConsume1/temp_reg[2]/D (clocked by clk_out_clk_wiz_0). Large setup violations at the end of those stages might be difficult to fix during the post-placement implementation flow and could be the result of non-optimal XDC constraints or non-optimal design architecture
Related violations: <none>

TIMING-16#23 Warning
Large setup violation  
There is a large setup violation of -25.787 ns between dataConsume1/temp_reg[0]/C (clocked by clk_out_clk_wiz_0) and dataConsume1/temp_reg[6]/D (clocked by clk_out_clk_wiz_0). Large setup violations at the end of those stages might be difficult to fix during the post-placement implementation flow and could be the result of non-optimal XDC constraints or non-optimal design architecture
Related violations: <none>

TIMING-16#24 Warning
Large setup violation  
There is a large setup violation of -25.789 ns between dataConsume1/temp_reg[0]/C (clocked by clk_out_clk_wiz_0) and dataConsume1/temp_reg[16]/D (clocked by clk_out_clk_wiz_0). Large setup violations at the end of those stages might be difficult to fix during the post-placement implementation flow and could be the result of non-optimal XDC constraints or non-optimal design architecture
Related violations: <none>

TIMING-16#25 Warning
Large setup violation  
There is a large setup violation of -25.852 ns between dataConsume1/temp_reg[0]/C (clocked by clk_out_clk_wiz_0) and dataConsume1/temp_reg[11]/D (clocked by clk_out_clk_wiz_0). Large setup violations at the end of those stages might be difficult to fix during the post-placement implementation flow and could be the result of non-optimal XDC constraints or non-optimal design architecture
Related violations: <none>

TIMING-16#26 Warning
Large setup violation  
There is a large setup violation of -25.891 ns between dataConsume1/temp_reg[0]/C (clocked by clk_out_clk_wiz_0) and dataConsume1/temp_reg[13]/D (clocked by clk_out_clk_wiz_0). Large setup violations at the end of those stages might be difficult to fix during the post-placement implementation flow and could be the result of non-optimal XDC constraints or non-optimal design architecture
Related violations: <none>

TIMING-16#27 Warning
Large setup violation  
There is a large setup violation of -25.899 ns between dataConsume1/temp_reg[0]/C (clocked by clk_out_clk_wiz_0) and dataConsume1/temp_reg[14]/D (clocked by clk_out_clk_wiz_0). Large setup violations at the end of those stages might be difficult to fix during the post-placement implementation flow and could be the result of non-optimal XDC constraints or non-optimal design architecture
Related violations: <none>

TIMING-16#28 Warning
Large setup violation  
There is a large setup violation of -25.903 ns between dataConsume1/temp_reg[0]/C (clocked by clk_out_clk_wiz_0) and dataConsume1/temp_reg[5]/D (clocked by clk_out_clk_wiz_0). Large setup violations at the end of those stages might be difficult to fix during the post-placement implementation flow and could be the result of non-optimal XDC constraints or non-optimal design architecture
Related violations: <none>

TIMING-16#29 Warning
Large setup violation  
There is a large setup violation of -25.905 ns between dataConsume1/temp_reg[0]/C (clocked by clk_out_clk_wiz_0) and dataConsume1/temp_reg[17]/D (clocked by clk_out_clk_wiz_0). Large setup violations at the end of those stages might be difficult to fix during the post-placement implementation flow and could be the result of non-optimal XDC constraints or non-optimal design architecture
Related violations: <none>

TIMING-16#30 Warning
Large setup violation  
There is a large setup violation of -25.935 ns between dataConsume1/temp_reg[0]/C (clocked by clk_out_clk_wiz_0) and dataConsume1/temp_reg[27]/D (clocked by clk_out_clk_wiz_0). Large setup violations at the end of those stages might be difficult to fix during the post-placement implementation flow and could be the result of non-optimal XDC constraints or non-optimal design architecture
Related violations: <none>

TIMING-16#31 Warning
Large setup violation  
There is a large setup violation of -25.938 ns between dataConsume1/temp_reg[0]/C (clocked by clk_out_clk_wiz_0) and dataConsume1/temp_reg[10]/D (clocked by clk_out_clk_wiz_0). Large setup violations at the end of those stages might be difficult to fix during the post-placement implementation flow and could be the result of non-optimal XDC constraints or non-optimal design architecture
Related violations: <none>

TIMING-16#32 Warning
Large setup violation  
There is a large setup violation of -25.992 ns between dataConsume1/temp_reg[0]/C (clocked by clk_out_clk_wiz_0) and dataConsume1/temp_reg[12]/D (clocked by clk_out_clk_wiz_0). Large setup violations at the end of those stages might be difficult to fix during the post-placement implementation flow and could be the result of non-optimal XDC constraints or non-optimal design architecture
Related violations: <none>

TIMING-16#33 Warning
Large setup violation  
There is a large setup violation of -26.023 ns between dataConsume1/temp_reg[0]/C (clocked by clk_out_clk_wiz_0) and dataConsume1/temp_reg[8]/D (clocked by clk_out_clk_wiz_0). Large setup violations at the end of those stages might be difficult to fix during the post-placement implementation flow and could be the result of non-optimal XDC constraints or non-optimal design architecture
Related violations: <none>

TIMING-16#34 Warning
Large setup violation  
There is a large setup violation of -26.025 ns between dataConsume1/temp_reg[0]/C (clocked by clk_out_clk_wiz_0) and dataConsume1/temp_reg[24]/D (clocked by clk_out_clk_wiz_0). Large setup violations at the end of those stages might be difficult to fix during the post-placement implementation flow and could be the result of non-optimal XDC constraints or non-optimal design architecture
Related violations: <none>

TIMING-16#35 Warning
Large setup violation  
There is a large setup violation of -26.031 ns between dataConsume1/temp_reg[0]/C (clocked by clk_out_clk_wiz_0) and dataConsume1/temp_reg[26]/D (clocked by clk_out_clk_wiz_0). Large setup violations at the end of those stages might be difficult to fix during the post-placement implementation flow and could be the result of non-optimal XDC constraints or non-optimal design architecture
Related violations: <none>

TIMING-16#36 Warning
Large setup violation  
There is a large setup violation of -26.049 ns between dataConsume1/temp_reg[0]/C (clocked by clk_out_clk_wiz_0) and dataConsume1/temp_reg[22]/D (clocked by clk_out_clk_wiz_0). Large setup violations at the end of those stages might be difficult to fix during the post-placement implementation flow and could be the result of non-optimal XDC constraints or non-optimal design architecture
Related violations: <none>

TIMING-16#37 Warning
Large setup violation  
There is a large setup violation of -26.056 ns between dataConsume1/temp_reg[0]/C (clocked by clk_out_clk_wiz_0) and dataConsume1/temp_reg[21]/D (clocked by clk_out_clk_wiz_0). Large setup violations at the end of those stages might be difficult to fix during the post-placement implementation flow and could be the result of non-optimal XDC constraints or non-optimal design architecture
Related violations: <none>

TIMING-16#38 Warning
Large setup violation  
There is a large setup violation of -26.091 ns between dataConsume1/temp_reg[0]/C (clocked by clk_out_clk_wiz_0) and dataConsume1/temp_reg[25]/D (clocked by clk_out_clk_wiz_0). Large setup violations at the end of those stages might be difficult to fix during the post-placement implementation flow and could be the result of non-optimal XDC constraints or non-optimal design architecture
Related violations: <none>

TIMING-16#39 Warning
Large setup violation  
There is a large setup violation of -26.094 ns between dataConsume1/temp_reg[0]/C (clocked by clk_out_clk_wiz_0) and dataConsume1/temp_reg[23]/D (clocked by clk_out_clk_wiz_0). Large setup violations at the end of those stages might be difficult to fix during the post-placement implementation flow and could be the result of non-optimal XDC constraints or non-optimal design architecture
Related violations: <none>

TIMING-16#40 Warning
Large setup violation  
There is a large setup violation of -26.126 ns between dataConsume1/temp_reg[0]/C (clocked by clk_out_clk_wiz_0) and dataConsume1/temp_reg[3]/D (clocked by clk_out_clk_wiz_0). Large setup violations at the end of those stages might be difficult to fix during the post-placement implementation flow and could be the result of non-optimal XDC constraints or non-optimal design architecture
Related violations: <none>

TIMING-16#41 Warning
Large setup violation  
There is a large setup violation of -26.148 ns between dataConsume1/temp_reg[0]/C (clocked by clk_out_clk_wiz_0) and dataConsume1/temp_reg[20]/D (clocked by clk_out_clk_wiz_0). Large setup violations at the end of those stages might be difficult to fix during the post-placement implementation flow and could be the result of non-optimal XDC constraints or non-optimal design architecture
Related violations: <none>

TIMING-16#42 Warning
Large setup violation  
There is a large setup violation of -26.280 ns between dataConsume1/temp_reg[0]/C (clocked by clk_out_clk_wiz_0) and dataConsume1/temp_reg[18]/D (clocked by clk_out_clk_wiz_0). Large setup violations at the end of those stages might be difficult to fix during the post-placement implementation flow and could be the result of non-optimal XDC constraints or non-optimal design architecture
Related violations: <none>

TIMING-16#43 Warning
Large setup violation  
There is a large setup violation of -26.293 ns between dataConsume1/temp_reg[0]/C (clocked by clk_out_clk_wiz_0) and dataConsume1/temp_reg[4]/D (clocked by clk_out_clk_wiz_0). Large setup violations at the end of those stages might be difficult to fix during the post-placement implementation flow and could be the result of non-optimal XDC constraints or non-optimal design architecture
Related violations: <none>

TIMING-16#44 Warning
Large setup violation  
There is a large setup violation of -26.351 ns between dataConsume1/temp_reg[0]/C (clocked by clk_out_clk_wiz_0) and dataConsume1/temp_reg[30]/D (clocked by clk_out_clk_wiz_0). Large setup violations at the end of those stages might be difficult to fix during the post-placement implementation flow and could be the result of non-optimal XDC constraints or non-optimal design architecture
Related violations: <none>

TIMING-16#45 Warning
Large setup violation  
There is a large setup violation of -26.352 ns between dataConsume1/temp_reg[0]/C (clocked by clk_out_clk_wiz_0) and dataConsume1/temp_reg[31]/D (clocked by clk_out_clk_wiz_0). Large setup violations at the end of those stages might be difficult to fix during the post-placement implementation flow and could be the result of non-optimal XDC constraints or non-optimal design architecture
Related violations: <none>

TIMING-16#46 Warning
Large setup violation  
There is a large setup violation of -3.126 ns between dataConsume1/max_index_reg[0]/C (clocked by clk_out_clk_wiz_0) and dataConsume1/data_results_reg_reg[2][5]/D (clocked by clk_out_clk_wiz_0). Large setup violations at the end of those stages might be difficult to fix during the post-placement implementation flow and could be the result of non-optimal XDC constraints or non-optimal design architecture
Related violations: <none>

TIMING-16#47 Warning
Large setup violation  
There is a large setup violation of -3.144 ns between dataConsume1/max_index_reg[3]_rep/C (clocked by clk_out_clk_wiz_0) and dataConsume1/data_results_reg_reg[4][3]/D (clocked by clk_out_clk_wiz_0). Large setup violations at the end of those stages might be difficult to fix during the post-placement implementation flow and could be the result of non-optimal XDC constraints or non-optimal design architecture
Related violations: <none>

TIMING-16#48 Warning
Large setup violation  
There is a large setup violation of -3.440 ns between dataConsume1/max_index_reg[2]_rep__4/C (clocked by clk_out_clk_wiz_0) and dataConsume1/data_results_reg_reg[2][4]/D (clocked by clk_out_clk_wiz_0). Large setup violations at the end of those stages might be difficult to fix during the post-placement implementation flow and could be the result of non-optimal XDC constraints or non-optimal design architecture
Related violations: <none>

TIMING-16#49 Warning
Large setup violation  
There is a large setup violation of -3.441 ns between dataConsume1/max_index_reg[2]_rep__4/C (clocked by clk_out_clk_wiz_0) and dataConsume1/data_results_reg_reg[1][6]/D (clocked by clk_out_clk_wiz_0). Large setup violations at the end of those stages might be difficult to fix during the post-placement implementation flow and could be the result of non-optimal XDC constraints or non-optimal design architecture
Related violations: <none>

TIMING-16#50 Warning
Large setup violation  
There is a large setup violation of -3.453 ns between dataConsume1/max_index_reg[1]_rep__19/C (clocked by clk_out_clk_wiz_0) and dataConsume1/data_results_reg_reg[3][4]/D (clocked by clk_out_clk_wiz_0). Large setup violations at the end of those stages might be difficult to fix during the post-placement implementation flow and could be the result of non-optimal XDC constraints or non-optimal design architecture
Related violations: <none>

TIMING-16#51 Warning
Large setup violation  
There is a large setup violation of -3.709 ns between dataConsume1/max_index_reg[3]_rep/C (clocked by clk_out_clk_wiz_0) and dataConsume1/data_results_reg_reg[5][6]/D (clocked by clk_out_clk_wiz_0). Large setup violations at the end of those stages might be difficult to fix during the post-placement implementation flow and could be the result of non-optimal XDC constraints or non-optimal design architecture
Related violations: <none>

TIMING-16#52 Warning
Large setup violation  
There is a large setup violation of -3.837 ns between dataConsume1/max_index_reg[5]_rep/C (clocked by clk_out_clk_wiz_0) and dataConsume1/data_results_reg_reg[2][7]/D (clocked by clk_out_clk_wiz_0). Large setup violations at the end of those stages might be difficult to fix during the post-placement implementation flow and could be the result of non-optimal XDC constraints or non-optimal design architecture
Related violations: <none>

TIMING-16#53 Warning
Large setup violation  
There is a large setup violation of -3.902 ns between dataConsume1/max_index_reg[3]_rep/C (clocked by clk_out_clk_wiz_0) and dataConsume1/data_results_reg_reg[5][5]/D (clocked by clk_out_clk_wiz_0). Large setup violations at the end of those stages might be difficult to fix during the post-placement implementation flow and could be the result of non-optimal XDC constraints or non-optimal design architecture
Related violations: <none>

TIMING-16#54 Warning
Large setup violation  
There is a large setup violation of -3.940 ns between dataConsume1/max_index_reg[1]/C (clocked by clk_out_clk_wiz_0) and dataConsume1/data_results_reg_reg[2][0]/D (clocked by clk_out_clk_wiz_0). Large setup violations at the end of those stages might be difficult to fix during the post-placement implementation flow and could be the result of non-optimal XDC constraints or non-optimal design architecture
Related violations: <none>

TIMING-16#55 Warning
Large setup violation  
There is a large setup violation of -3.958 ns between dataConsume1/max_index_reg[3]_rep/C (clocked by clk_out_clk_wiz_0) and dataConsume1/data_results_reg_reg[6][5]/D (clocked by clk_out_clk_wiz_0). Large setup violations at the end of those stages might be difficult to fix during the post-placement implementation flow and could be the result of non-optimal XDC constraints or non-optimal design architecture
Related violations: <none>

TIMING-16#56 Warning
Large setup violation  
There is a large setup violation of -3.990 ns between dataConsume1/max_index_reg[2]_rep__4/C (clocked by clk_out_clk_wiz_0) and dataConsume1/data_results_reg_reg[0][6]/D (clocked by clk_out_clk_wiz_0). Large setup violations at the end of those stages might be difficult to fix during the post-placement implementation flow and could be the result of non-optimal XDC constraints or non-optimal design architecture
Related violations: <none>

TIMING-16#57 Warning
Large setup violation  
There is a large setup violation of -3.997 ns between dataConsume1/max_index_reg[3]_rep/C (clocked by clk_out_clk_wiz_0) and dataConsume1/data_results_reg_reg[4][5]/D (clocked by clk_out_clk_wiz_0). Large setup violations at the end of those stages might be difficult to fix during the post-placement implementation flow and could be the result of non-optimal XDC constraints or non-optimal design architecture
Related violations: <none>

TIMING-16#58 Warning
Large setup violation  
There is a large setup violation of -4.091 ns between dataConsume1/max_index_reg[0]_rep__14/C (clocked by clk_out_clk_wiz_0) and dataConsume1/data_results_reg_reg[3][2]/D (clocked by clk_out_clk_wiz_0). Large setup violations at the end of those stages might be difficult to fix during the post-placement implementation flow and could be the result of non-optimal XDC constraints or non-optimal design architecture
Related violations: <none>

TIMING-16#59 Warning
Large setup violation  
There is a large setup violation of -4.096 ns between dataConsume1/max_index_reg[2]_rep__4/C (clocked by clk_out_clk_wiz_0) and dataConsume1/data_results_reg_reg[6][3]/D (clocked by clk_out_clk_wiz_0). Large setup violations at the end of those stages might be difficult to fix during the post-placement implementation flow and could be the result of non-optimal XDC constraints or non-optimal design architecture
Related violations: <none>

TIMING-16#60 Warning
Large setup violation  
There is a large setup violation of -4.113 ns between dataConsume1/max_index_reg[2]_rep__4/C (clocked by clk_out_clk_wiz_0) and dataConsume1/data_results_reg_reg[1][4]/D (clocked by clk_out_clk_wiz_0). Large setup violations at the end of those stages might be difficult to fix during the post-placement implementation flow and could be the result of non-optimal XDC constraints or non-optimal design architecture
Related violations: <none>

TIMING-16#61 Warning
Large setup violation  
There is a large setup violation of -4.118 ns between dataConsume1/max_index_reg[0]/C (clocked by clk_out_clk_wiz_0) and dataConsume1/data_results_reg_reg[2][6]/D (clocked by clk_out_clk_wiz_0). Large setup violations at the end of those stages might be difficult to fix during the post-placement implementation flow and could be the result of non-optimal XDC constraints or non-optimal design architecture
Related violations: <none>

TIMING-16#62 Warning
Large setup violation  
There is a large setup violation of -4.269 ns between dataConsume1/max_index_reg[3]_rep/C (clocked by clk_out_clk_wiz_0) and dataConsume1/data_results_reg_reg[6][6]/D (clocked by clk_out_clk_wiz_0). Large setup violations at the end of those stages might be difficult to fix during the post-placement implementation flow and could be the result of non-optimal XDC constraints or non-optimal design architecture
Related violations: <none>

TIMING-16#63 Warning
Large setup violation  
There is a large setup violation of -4.306 ns between dataConsume1/max_index_reg[1]_rep__1/C (clocked by clk_out_clk_wiz_0) and dataConsume1/data_results_reg_reg[4][2]/D (clocked by clk_out_clk_wiz_0). Large setup violations at the end of those stages might be difficult to fix during the post-placement implementation flow and could be the result of non-optimal XDC constraints or non-optimal design architecture
Related violations: <none>

TIMING-16#64 Warning
Large setup violation  
There is a large setup violation of -4.308 ns between dataConsume1/max_index_reg[3]_rep/C (clocked by clk_out_clk_wiz_0) and dataConsume1/data_results_reg_reg[5][3]/D (clocked by clk_out_clk_wiz_0). Large setup violations at the end of those stages might be difficult to fix during the post-placement implementation flow and could be the result of non-optimal XDC constraints or non-optimal design architecture
Related violations: <none>

TIMING-16#65 Warning
Large setup violation  
There is a large setup violation of -4.325 ns between dataConsume1/max_index_reg[2]_rep__4/C (clocked by clk_out_clk_wiz_0) and dataConsume1/data_results_reg_reg[2][2]/D (clocked by clk_out_clk_wiz_0). Large setup violations at the end of those stages might be difficult to fix during the post-placement implementation flow and could be the result of non-optimal XDC constraints or non-optimal design architecture
Related violations: <none>

TIMING-16#66 Warning
Large setup violation  
There is a large setup violation of -4.381 ns between dataConsume1/max_index_reg[3]_rep/C (clocked by clk_out_clk_wiz_0) and dataConsume1/data_results_reg_reg[5][2]/D (clocked by clk_out_clk_wiz_0). Large setup violations at the end of those stages might be difficult to fix during the post-placement implementation flow and could be the result of non-optimal XDC constraints or non-optimal design architecture
Related violations: <none>

TIMING-16#67 Warning
Large setup violation  
There is a large setup violation of -4.398 ns between dataConsume1/max_index_reg[5]_rep/C (clocked by clk_out_clk_wiz_0) and dataConsume1/data_results_reg_reg[2][1]/D (clocked by clk_out_clk_wiz_0). Large setup violations at the end of those stages might be difficult to fix during the post-placement implementation flow and could be the result of non-optimal XDC constraints or non-optimal design architecture
Related violations: <none>

TIMING-16#68 Warning
Large setup violation  
There is a large setup violation of -4.468 ns between dataConsume1/max_index_reg[3]_rep/C (clocked by clk_out_clk_wiz_0) and dataConsume1/data_results_reg_reg[0][7]/D (clocked by clk_out_clk_wiz_0). Large setup violations at the end of those stages might be difficult to fix during the post-placement implementation flow and could be the result of non-optimal XDC constraints or non-optimal design architecture
Related violations: <none>

TIMING-16#69 Warning
Large setup violation  
There is a large setup violation of -4.520 ns between dataConsume1/max_index_reg[2]_rep__4/C (clocked by clk_out_clk_wiz_0) and dataConsume1/data_results_reg_reg[1][3]/D (clocked by clk_out_clk_wiz_0). Large setup violations at the end of those stages might be difficult to fix during the post-placement implementation flow and could be the result of non-optimal XDC constraints or non-optimal design architecture
Related violations: <none>

TIMING-16#70 Warning
Large setup violation  
There is a large setup violation of -4.582 ns between dataConsume1/max_index_reg[3]_rep/C (clocked by clk_out_clk_wiz_0) and dataConsume1/data_results_reg_reg[6][7]/D (clocked by clk_out_clk_wiz_0). Large setup violations at the end of those stages might be difficult to fix during the post-placement implementation flow and could be the result of non-optimal XDC constraints or non-optimal design architecture
Related violations: <none>

TIMING-16#71 Warning
Large setup violation  
There is a large setup violation of -4.666 ns between dataConsume1/max_index_reg[2]_rep__4/C (clocked by clk_out_clk_wiz_0) and dataConsume1/data_results_reg_reg[0][3]/D (clocked by clk_out_clk_wiz_0). Large setup violations at the end of those stages might be difficult to fix during the post-placement implementation flow and could be the result of non-optimal XDC constraints or non-optimal design architecture
Related violations: <none>

TIMING-16#72 Warning
Large setup violation  
There is a large setup violation of -4.719 ns between dataConsume1/max_index_reg[0]_rep__4/C (clocked by clk_out_clk_wiz_0) and dataConsume1/data_results_reg_reg[4][4]/D (clocked by clk_out_clk_wiz_0). Large setup violations at the end of those stages might be difficult to fix during the post-placement implementation flow and could be the result of non-optimal XDC constraints or non-optimal design architecture
Related violations: <none>

TIMING-16#73 Warning
Large setup violation  
There is a large setup violation of -4.721 ns between dataConsume1/max_index_reg[1]_rep__24/C (clocked by clk_out_clk_wiz_0) and dataConsume1/data_results_reg_reg[6][1]/D (clocked by clk_out_clk_wiz_0). Large setup violations at the end of those stages might be difficult to fix during the post-placement implementation flow and could be the result of non-optimal XDC constraints or non-optimal design architecture
Related violations: <none>

TIMING-16#74 Warning
Large setup violation  
There is a large setup violation of -4.933 ns between dataConsume1/max_index_reg[0]_rep__0/C (clocked by clk_out_clk_wiz_0) and dataConsume1/data_results_reg_reg[0][0]/D (clocked by clk_out_clk_wiz_0). Large setup violations at the end of those stages might be difficult to fix during the post-placement implementation flow and could be the result of non-optimal XDC constraints or non-optimal design architecture
Related violations: <none>

TIMING-16#75 Warning
Large setup violation  
There is a large setup violation of -5.032 ns between dataConsume1/max_index_reg[3]_rep/C (clocked by clk_out_clk_wiz_0) and dataConsume1/data_results_reg_reg[5][0]/D (clocked by clk_out_clk_wiz_0). Large setup violations at the end of those stages might be difficult to fix during the post-placement implementation flow and could be the result of non-optimal XDC constraints or non-optimal design architecture
Related violations: <none>

TIMING-16#76 Warning
Large setup violation  
There is a large setup violation of -5.133 ns between dataConsume1/max_index_reg[3]_rep/C (clocked by clk_out_clk_wiz_0) and dataConsume1/data_results_reg_reg[2][3]/D (clocked by clk_out_clk_wiz_0). Large setup violations at the end of those stages might be difficult to fix during the post-placement implementation flow and could be the result of non-optimal XDC constraints or non-optimal design architecture
Related violations: <none>

TIMING-16#77 Warning
Large setup violation  
There is a large setup violation of -5.258 ns between dataConsume1/max_index_reg[3]_rep/C (clocked by clk_out_clk_wiz_0) and dataConsume1/data_results_reg_reg[0][4]/D (clocked by clk_out_clk_wiz_0). Large setup violations at the end of those stages might be difficult to fix during the post-placement implementation flow and could be the result of non-optimal XDC constraints or non-optimal design architecture
Related violations: <none>

TIMING-16#78 Warning
Large setup violation  
There is a large setup violation of -5.299 ns between dataConsume1/max_index_reg[3]_rep/C (clocked by clk_out_clk_wiz_0) and dataConsume1/data_results_reg_reg[0][1]/D (clocked by clk_out_clk_wiz_0). Large setup violations at the end of those stages might be difficult to fix during the post-placement implementation flow and could be the result of non-optimal XDC constraints or non-optimal design architecture
Related violations: <none>

TIMING-16#79 Warning
Large setup violation  
There is a large setup violation of -5.338 ns between dataConsume1/max_index_reg[3]_rep/C (clocked by clk_out_clk_wiz_0) and dataConsume1/data_results_reg_reg[6][0]/D (clocked by clk_out_clk_wiz_0). Large setup violations at the end of those stages might be difficult to fix during the post-placement implementation flow and could be the result of non-optimal XDC constraints or non-optimal design architecture
Related violations: <none>

TIMING-16#80 Warning
Large setup violation  
There is a large setup violation of -5.382 ns between dataConsume1/max_index_reg[3]_rep/C (clocked by clk_out_clk_wiz_0) and dataConsume1/data_results_reg_reg[1][5]/D (clocked by clk_out_clk_wiz_0). Large setup violations at the end of those stages might be difficult to fix during the post-placement implementation flow and could be the result of non-optimal XDC constraints or non-optimal design architecture
Related violations: <none>

TIMING-16#81 Warning
Large setup violation  
There is a large setup violation of -5.464 ns between dataConsume1/max_index_reg[3]_rep/C (clocked by clk_out_clk_wiz_0) and dataConsume1/data_results_reg_reg[5][4]/D (clocked by clk_out_clk_wiz_0). Large setup violations at the end of those stages might be difficult to fix during the post-placement implementation flow and could be the result of non-optimal XDC constraints or non-optimal design architecture
Related violations: <none>

TIMING-16#82 Warning
Large setup violation  
There is a large setup violation of -5.529 ns between dataConsume1/max_index_reg[3]_rep/C (clocked by clk_out_clk_wiz_0) and dataConsume1/data_results_reg_reg[4][0]/D (clocked by clk_out_clk_wiz_0). Large setup violations at the end of those stages might be difficult to fix during the post-placement implementation flow and could be the result of non-optimal XDC constraints or non-optimal design architecture
Related violations: <none>

TIMING-16#83 Warning
Large setup violation  
There is a large setup violation of -5.634 ns between dataConsume1/max_index_reg[3]_rep/C (clocked by clk_out_clk_wiz_0) and dataConsume1/data_results_reg_reg[6][4]/D (clocked by clk_out_clk_wiz_0). Large setup violations at the end of those stages might be difficult to fix during the post-placement implementation flow and could be the result of non-optimal XDC constraints or non-optimal design architecture
Related violations: <none>

TIMING-16#84 Warning
Large setup violation  
There is a large setup violation of -5.706 ns between dataConsume1/temp_reg[0]/C (clocked by clk_out_clk_wiz_0) and dataConsume1/max_ind_bcd_reg[1][1]/D (clocked by clk_out_clk_wiz_0). Large setup violations at the end of those stages might be difficult to fix during the post-placement implementation flow and could be the result of non-optimal XDC constraints or non-optimal design architecture
Related violations: <none>

TIMING-16#85 Warning
Large setup violation  
There is a large setup violation of -5.706 ns between dataConsume1/temp_reg[0]/C (clocked by clk_out_clk_wiz_0) and dataConsume1/max_ind_bcd_reg[2][1]/D (clocked by clk_out_clk_wiz_0). Large setup violations at the end of those stages might be difficult to fix during the post-placement implementation flow and could be the result of non-optimal XDC constraints or non-optimal design architecture
Related violations: <none>

TIMING-16#86 Warning
Large setup violation  
There is a large setup violation of -5.732 ns between dataConsume1/temp_reg[0]/C (clocked by clk_out_clk_wiz_0) and dataConsume1/max_ind_bcd_reg[2][3]/D (clocked by clk_out_clk_wiz_0). Large setup violations at the end of those stages might be difficult to fix during the post-placement implementation flow and could be the result of non-optimal XDC constraints or non-optimal design architecture
Related violations: <none>

TIMING-16#87 Warning
Large setup violation  
There is a large setup violation of -5.810 ns between dataConsume1/max_index_reg[3]_rep/C (clocked by clk_out_clk_wiz_0) and dataConsume1/data_results_reg_reg[0][2]/D (clocked by clk_out_clk_wiz_0). Large setup violations at the end of those stages might be difficult to fix during the post-placement implementation flow and could be the result of non-optimal XDC constraints or non-optimal design architecture
Related violations: <none>

TIMING-16#88 Warning
Large setup violation  
There is a large setup violation of -5.841 ns between dataConsume1/max_index_reg[3]_rep/C (clocked by clk_out_clk_wiz_0) and dataConsume1/data_results_reg_reg[6][2]/D (clocked by clk_out_clk_wiz_0). Large setup violations at the end of those stages might be difficult to fix during the post-placement implementation flow and could be the result of non-optimal XDC constraints or non-optimal design architecture
Related violations: <none>

TIMING-16#89 Warning
Large setup violation  
There is a large setup violation of -5.904 ns between dataConsume1/max_index_reg[3]_rep/C (clocked by clk_out_clk_wiz_0) and dataConsume1/data_results_reg_reg[1][0]/D (clocked by clk_out_clk_wiz_0). Large setup violations at the end of those stages might be difficult to fix during the post-placement implementation flow and could be the result of non-optimal XDC constraints or non-optimal design architecture
Related violations: <none>

TIMING-16#90 Warning
Large setup violation  
There is a large setup violation of -5.942 ns between dataConsume1/temp_reg[0]/C (clocked by clk_out_clk_wiz_0) and dataConsume1/max_ind_bcd_reg[1][2]/D (clocked by clk_out_clk_wiz_0). Large setup violations at the end of those stages might be difficult to fix during the post-placement implementation flow and could be the result of non-optimal XDC constraints or non-optimal design architecture
Related violations: <none>

TIMING-16#91 Warning
Large setup violation  
There is a large setup violation of -5.942 ns between dataConsume1/temp_reg[0]/C (clocked by clk_out_clk_wiz_0) and dataConsume1/max_ind_bcd_reg[2][2]/D (clocked by clk_out_clk_wiz_0). Large setup violations at the end of those stages might be difficult to fix during the post-placement implementation flow and could be the result of non-optimal XDC constraints or non-optimal design architecture
Related violations: <none>

TIMING-16#92 Warning
Large setup violation  
There is a large setup violation of -5.959 ns between dataConsume1/temp_reg[0]/C (clocked by clk_out_clk_wiz_0) and dataConsume1/max_ind_bcd_reg[1][3]/D (clocked by clk_out_clk_wiz_0). Large setup violations at the end of those stages might be difficult to fix during the post-placement implementation flow and could be the result of non-optimal XDC constraints or non-optimal design architecture
Related violations: <none>

TIMING-16#93 Warning
Large setup violation  
There is a large setup violation of -5.986 ns between dataConsume1/max_index_reg[3]_rep/C (clocked by clk_out_clk_wiz_0) and dataConsume1/data_results_reg_reg[5][1]/D (clocked by clk_out_clk_wiz_0). Large setup violations at the end of those stages might be difficult to fix during the post-placement implementation flow and could be the result of non-optimal XDC constraints or non-optimal design architecture
Related violations: <none>

TIMING-16#94 Warning
Large setup violation  
There is a large setup violation of -6.040 ns between dataConsume1/max_index_reg[3]_rep/C (clocked by clk_out_clk_wiz_0) and dataConsume1/data_results_reg_reg[1][2]/D (clocked by clk_out_clk_wiz_0). Large setup violations at the end of those stages might be difficult to fix during the post-placement implementation flow and could be the result of non-optimal XDC constraints or non-optimal design architecture
Related violations: <none>

TIMING-16#95 Warning
Large setup violation  
There is a large setup violation of -6.131 ns between dataConsume1/max_index_reg[3]_rep/C (clocked by clk_out_clk_wiz_0) and dataConsume1/temp_reg[11]/S (clocked by clk_out_clk_wiz_0). Large setup violations at the end of those stages might be difficult to fix during the post-placement implementation flow and could be the result of non-optimal XDC constraints or non-optimal design architecture
Related violations: <none>

TIMING-16#96 Warning
Large setup violation  
There is a large setup violation of -6.196 ns between dataConsume1/max_index_reg[3]_rep/C (clocked by clk_out_clk_wiz_0) and dataConsume1/temp_reg[6]/S (clocked by clk_out_clk_wiz_0). Large setup violations at the end of those stages might be difficult to fix during the post-placement implementation flow and could be the result of non-optimal XDC constraints or non-optimal design architecture
Related violations: <none>

TIMING-16#97 Warning
Large setup violation  
There is a large setup violation of -6.196 ns between dataConsume1/max_index_reg[3]_rep/C (clocked by clk_out_clk_wiz_0) and dataConsume1/temp_reg[7]/S (clocked by clk_out_clk_wiz_0). Large setup violations at the end of those stages might be difficult to fix during the post-placement implementation flow and could be the result of non-optimal XDC constraints or non-optimal design architecture
Related violations: <none>

TIMING-16#98 Warning
Large setup violation  
There is a large setup violation of -6.236 ns between dataConsume1/max_index_reg[3]_rep/C (clocked by clk_out_clk_wiz_0) and dataConsume1/temp_reg[8]/S (clocked by clk_out_clk_wiz_0). Large setup violations at the end of those stages might be difficult to fix during the post-placement implementation flow and could be the result of non-optimal XDC constraints or non-optimal design architecture
Related violations: <none>

TIMING-16#99 Warning
Large setup violation  
There is a large setup violation of -6.239 ns between dataConsume1/max_index_reg[3]_rep/C (clocked by clk_out_clk_wiz_0) and dataConsume1/temp_reg[10]/S (clocked by clk_out_clk_wiz_0). Large setup violations at the end of those stages might be difficult to fix during the post-placement implementation flow and could be the result of non-optimal XDC constraints or non-optimal design architecture
Related violations: <none>

TIMING-16#100 Warning
Large setup violation  
There is a large setup violation of -6.257 ns between dataConsume1/max_index_reg[3]_rep/C (clocked by clk_out_clk_wiz_0) and dataConsume1/temp_reg[24]/S (clocked by clk_out_clk_wiz_0). Large setup violations at the end of those stages might be difficult to fix during the post-placement implementation flow and could be the result of non-optimal XDC constraints or non-optimal design architecture
Related violations: <none>

TIMING-16#101 Warning
Large setup violation  
There is a large setup violation of -6.282 ns between dataConsume1/max_index_reg[3]_rep/C (clocked by clk_out_clk_wiz_0) and dataConsume1/temp_reg[30]/S (clocked by clk_out_clk_wiz_0). Large setup violations at the end of those stages might be difficult to fix during the post-placement implementation flow and could be the result of non-optimal XDC constraints or non-optimal design architecture
Related violations: <none>

TIMING-16#102 Warning
Large setup violation  
There is a large setup violation of -6.282 ns between dataConsume1/max_index_reg[3]_rep/C (clocked by clk_out_clk_wiz_0) and dataConsume1/temp_reg[31]/S (clocked by clk_out_clk_wiz_0). Large setup violations at the end of those stages might be difficult to fix during the post-placement implementation flow and could be the result of non-optimal XDC constraints or non-optimal design architecture
Related violations: <none>

TIMING-16#103 Warning
Large setup violation  
There is a large setup violation of -6.297 ns between dataConsume1/max_index_reg[3]_rep/C (clocked by clk_out_clk_wiz_0) and dataConsume1/temp_reg[13]/S (clocked by clk_out_clk_wiz_0). Large setup violations at the end of those stages might be difficult to fix during the post-placement implementation flow and could be the result of non-optimal XDC constraints or non-optimal design architecture
Related violations: <none>

TIMING-16#104 Warning
Large setup violation  
There is a large setup violation of -6.319 ns between dataConsume1/max_index_reg[3]_rep/C (clocked by clk_out_clk_wiz_0) and dataConsume1/temp_reg[22]/S (clocked by clk_out_clk_wiz_0). Large setup violations at the end of those stages might be difficult to fix during the post-placement implementation flow and could be the result of non-optimal XDC constraints or non-optimal design architecture
Related violations: <none>

TIMING-16#105 Warning
Large setup violation  
There is a large setup violation of -6.324 ns between dataConsume1/max_index_reg[3]_rep/C (clocked by clk_out_clk_wiz_0) and dataConsume1/temp_reg[26]/S (clocked by clk_out_clk_wiz_0). Large setup violations at the end of those stages might be difficult to fix during the post-placement implementation flow and could be the result of non-optimal XDC constraints or non-optimal design architecture
Related violations: <none>

TIMING-16#106 Warning
Large setup violation  
There is a large setup violation of -6.324 ns between dataConsume1/max_index_reg[3]_rep/C (clocked by clk_out_clk_wiz_0) and dataConsume1/temp_reg[27]/S (clocked by clk_out_clk_wiz_0). Large setup violations at the end of those stages might be difficult to fix during the post-placement implementation flow and could be the result of non-optimal XDC constraints or non-optimal design architecture
Related violations: <none>

TIMING-16#107 Warning
Large setup violation  
There is a large setup violation of -6.334 ns between dataConsume1/max_index_reg[3]_rep/C (clocked by clk_out_clk_wiz_0) and dataConsume1/temp_reg[12]/S (clocked by clk_out_clk_wiz_0). Large setup violations at the end of those stages might be difficult to fix during the post-placement implementation flow and could be the result of non-optimal XDC constraints or non-optimal design architecture
Related violations: <none>

TIMING-16#108 Warning
Large setup violation  
There is a large setup violation of -6.334 ns between dataConsume1/max_index_reg[3]_rep/C (clocked by clk_out_clk_wiz_0) and dataConsume1/temp_reg[9]/S (clocked by clk_out_clk_wiz_0). Large setup violations at the end of those stages might be difficult to fix during the post-placement implementation flow and could be the result of non-optimal XDC constraints or non-optimal design architecture
Related violations: <none>

TIMING-16#109 Warning
Large setup violation  
There is a large setup violation of -6.341 ns between dataConsume1/max_index_reg[3]_rep/C (clocked by clk_out_clk_wiz_0) and dataConsume1/temp_reg[20]/S (clocked by clk_out_clk_wiz_0). Large setup violations at the end of those stages might be difficult to fix during the post-placement implementation flow and could be the result of non-optimal XDC constraints or non-optimal design architecture
Related violations: <none>

TIMING-16#110 Warning
Large setup violation  
There is a large setup violation of -6.370 ns between dataConsume1/max_index_reg[3]_rep/C (clocked by clk_out_clk_wiz_0) and dataConsume1/temp_reg[18]/S (clocked by clk_out_clk_wiz_0). Large setup violations at the end of those stages might be difficult to fix during the post-placement implementation flow and could be the result of non-optimal XDC constraints or non-optimal design architecture
Related violations: <none>

TIMING-16#111 Warning
Large setup violation  
There is a large setup violation of -6.371 ns between dataConsume1/max_index_reg[3]_rep/C (clocked by clk_out_clk_wiz_0) and dataConsume1/temp_reg[17]/S (clocked by clk_out_clk_wiz_0). Large setup violations at the end of those stages might be difficult to fix during the post-placement implementation flow and could be the result of non-optimal XDC constraints or non-optimal design architecture
Related violations: <none>

TIMING-16#112 Warning
Large setup violation  
There is a large setup violation of -6.387 ns between dataConsume1/max_index_reg[3]_rep/C (clocked by clk_out_clk_wiz_0) and dataConsume1/temp_reg[25]/S (clocked by clk_out_clk_wiz_0). Large setup violations at the end of those stages might be difficult to fix during the post-placement implementation flow and could be the result of non-optimal XDC constraints or non-optimal design architecture
Related violations: <none>

TIMING-16#113 Warning
Large setup violation  
There is a large setup violation of -6.412 ns between dataConsume1/max_index_reg[3]_rep/C (clocked by clk_out_clk_wiz_0) and dataConsume1/temp_reg[15]/S (clocked by clk_out_clk_wiz_0). Large setup violations at the end of those stages might be difficult to fix during the post-placement implementation flow and could be the result of non-optimal XDC constraints or non-optimal design architecture
Related violations: <none>

TIMING-16#114 Warning
Large setup violation  
There is a large setup violation of -6.412 ns between dataConsume1/max_index_reg[3]_rep/C (clocked by clk_out_clk_wiz_0) and dataConsume1/temp_reg[16]/S (clocked by clk_out_clk_wiz_0). Large setup violations at the end of those stages might be difficult to fix during the post-placement implementation flow and could be the result of non-optimal XDC constraints or non-optimal design architecture
Related violations: <none>

TIMING-16#115 Warning
Large setup violation  
There is a large setup violation of -6.412 ns between dataConsume1/max_index_reg[3]_rep/C (clocked by clk_out_clk_wiz_0) and dataConsume1/temp_reg[19]/S (clocked by clk_out_clk_wiz_0). Large setup violations at the end of those stages might be difficult to fix during the post-placement implementation flow and could be the result of non-optimal XDC constraints or non-optimal design architecture
Related violations: <none>

TIMING-16#116 Warning
Large setup violation  
There is a large setup violation of -6.412 ns between dataConsume1/max_index_reg[3]_rep/C (clocked by clk_out_clk_wiz_0) and dataConsume1/temp_reg[21]/S (clocked by clk_out_clk_wiz_0). Large setup violations at the end of those stages might be difficult to fix during the post-placement implementation flow and could be the result of non-optimal XDC constraints or non-optimal design architecture
Related violations: <none>

TIMING-16#117 Warning
Large setup violation  
There is a large setup violation of -6.412 ns between dataConsume1/max_index_reg[3]_rep/C (clocked by clk_out_clk_wiz_0) and dataConsume1/temp_reg[23]/S (clocked by clk_out_clk_wiz_0). Large setup violations at the end of those stages might be difficult to fix during the post-placement implementation flow and could be the result of non-optimal XDC constraints or non-optimal design architecture
Related violations: <none>

TIMING-16#118 Warning
Large setup violation  
There is a large setup violation of -6.428 ns between dataConsume1/max_index_reg[3]_rep/C (clocked by clk_out_clk_wiz_0) and dataConsume1/temp_reg[14]/S (clocked by clk_out_clk_wiz_0). Large setup violations at the end of those stages might be difficult to fix during the post-placement implementation flow and could be the result of non-optimal XDC constraints or non-optimal design architecture
Related violations: <none>

TIMING-16#119 Warning
Large setup violation  
There is a large setup violation of -6.435 ns between dataConsume1/max_index_reg[3]_rep/C (clocked by clk_out_clk_wiz_0) and dataConsume1/data_results_reg_reg[4][1]/D (clocked by clk_out_clk_wiz_0). Large setup violations at the end of those stages might be difficult to fix during the post-placement implementation flow and could be the result of non-optimal XDC constraints or non-optimal design architecture
Related violations: <none>

TIMING-16#120 Warning
Large setup violation  
There is a large setup violation of -6.468 ns between dataConsume1/max_index_reg[0]_rep__14/C (clocked by clk_out_clk_wiz_0) and dataConsume1/curState_reg[0]/D (clocked by clk_out_clk_wiz_0). Large setup violations at the end of those stages might be difficult to fix during the post-placement implementation flow and could be the result of non-optimal XDC constraints or non-optimal design architecture
Related violations: <none>

TIMING-16#121 Warning
Large setup violation  
There is a large setup violation of -6.532 ns between dataConsume1/max_index_reg[3]_rep/C (clocked by clk_out_clk_wiz_0) and dataConsume1/data_results_reg_reg[1][1]/D (clocked by clk_out_clk_wiz_0). Large setup violations at the end of those stages might be difficult to fix during the post-placement implementation flow and could be the result of non-optimal XDC constraints or non-optimal design architecture
Related violations: <none>

TIMING-16#122 Warning
Large setup violation  
There is a large setup violation of -6.581 ns between dataConsume1/max_index_reg[0]_rep__14/C (clocked by clk_out_clk_wiz_0) and dataConsume1/curState_reg[3]/D (clocked by clk_out_clk_wiz_0). Large setup violations at the end of those stages might be difficult to fix during the post-placement implementation flow and could be the result of non-optimal XDC constraints or non-optimal design architecture
Related violations: <none>

TIMING-16#123 Warning
Large setup violation  
There is a large setup violation of -6.638 ns between dataConsume1/max_index_reg[3]_rep/C (clocked by clk_out_clk_wiz_0) and dataConsume1/data_results_reg_reg[0][5]/D (clocked by clk_out_clk_wiz_0). Large setup violations at the end of those stages might be difficult to fix during the post-placement implementation flow and could be the result of non-optimal XDC constraints or non-optimal design architecture
Related violations: <none>

TIMING-16#124 Warning
Large setup violation  
There is a large setup violation of -6.838 ns between dataConsume1/max_index_reg[0]_rep__14/C (clocked by clk_out_clk_wiz_0) and dataConsume1/curState_reg[1]/D (clocked by clk_out_clk_wiz_0). Large setup violations at the end of those stages might be difficult to fix during the post-placement implementation flow and could be the result of non-optimal XDC constraints or non-optimal design architecture
Related violations: <none>


